[2023-01-17T00:34:01.415750+01:00] logger.ERROR: Doctrine Error ["An exception occurred in the driver: SQLSTATE[HY000] [1045] Access denied for user 'root'@'localhost' (using password: YES)"] []
[2023-01-17T00:34:17.987596+01:00] logger.ERROR: Doctrine Error ["An exception occurred in the driver: SQLSTATE[HY000] [1045] Access denied for user 'root'@'localhost' (using password: YES)"] []
[2023-01-17T00:34:53.238345+01:00] logger.ERROR: Doctrine Error ["An exception occurred in the driver: SQLSTATE[HY000] [1045] Access denied for user 'root'@'localhost' (using password: YES)"] []
[2023-01-17T00:37:17.707079+01:00] logger.ERROR: Doctrine Error ["An exception occurred in the driver: SQLSTATE[HY000] [1045] Access denied for user 'user'@'localhost' (using password: YES)"] []
[2023-01-17T00:55:21.656120+01:00] logger.ERROR: Doctrine Error ["An exception occurred in the driver: SQLSTATE[HY000] [1045] Access denied for user 'root'@'localhost' (using password: YES)"] []
[2023-01-17T00:55:38.768413+01:00] logger.ERROR: Doctrine Error ["An exception occurred in the driver: SQLSTATE[HY000] [1045] Access denied for user 'root'@'localhost' (using password: YES)"] []
[2023-01-17T01:10:36.367506+01:00] logger.ERROR: Doctrine Error ["An exception occurred in the driver: SQLSTATE[HY000] [1045] Access denied for user 'root'@'localhost' (using password: YES)"] []
[2023-01-17T01:11:55.375904+01:00] logger.ERROR: Doctrine Error ["An exception occurred in the driver: SQLSTATE[HY000] [1045] Access denied for user 'root'@'localhost' (using password: YES)"] []
[2023-01-17T01:15:21.473271+01:00] logger.ERROR: Doctrine Error ["An exception occurred in the driver: SQLSTATE[HY000] [1045] Access denied for user 'root'@'localhost' (using password: YES)"] []
[2023-01-19T01:49:14.021785+01:00] logger.ERROR: Doctrine Error ["An exception occurred while executing a query: SQLSTATE[23000]: Integrity constraint violation: 1048 Column 'animal_type' cannot be null"] []
[2023-01-19T01:52:12.304982+01:00] logger.ERROR: Doctrine Error ["An exception occurred while executing a query: SQLSTATE[23000]: Integrity constraint violation: 1048 Column 'animal_type' cannot be null"] []
[2023-01-19T02:03:39.988992+01:00] logger.ERROR: Doctrine Error ["An exception occurred while executing a query: SQLSTATE[23000]: Integrity constraint violation: 1048 Column 'animal_type' cannot be null"] []
[2023-01-19T05:56:54.609365+01:00] logger.ERROR: Doctrine Error ["An exception occurred while executing a query: SQLSTATE[23000]: Integrity constraint violation: 1048 Column 'delivery_phone_number' cannot be null"] []
[2023-01-19T05:57:34.215561+01:00] logger.ERROR: Doctrine Error ["An exception occurred while executing a query: SQLSTATE[23000]: Integrity constraint violation: 1048 Column 'delivery_phone_number' cannot be null"] []
[2023-01-19T05:59:21.138552+01:00] logger.ERROR: Doctrine Error ["An exception occurred while executing a query: SQLSTATE[23000]: Integrity constraint violation: 1048 Column 'delivery_phone_number' cannot be null"] []
[2023-01-19T06:00:01.475887+01:00] logger.ERROR: Doctrine Error ["An exception occurred while executing a query: SQLSTATE[23000]: Integrity constraint violation: 1048 Column 'delivery_phone_number' cannot be null"] []
[2023-01-19T06:05:35.687606+01:00] logger.ERROR: Doctrine Error ["An exception occurred while executing a query: SQLSTATE[23000]: Integrity constraint violation: 1048 Column 'delivery_phone_number' cannot be null"] []
[2023-01-19T06:06:00.016068+01:00] logger.ERROR: Doctrine Error ["An exception occurred while executing a query: SQLSTATE[23000]: Integrity constraint violation: 1048 Column 'delivery_phone_number' cannot be null"] []
[2023-01-19T06:06:32.497879+01:00] logger.ERROR: Doctrine Error ["An exception occurred while executing a query: SQLSTATE[23000]: Integrity constraint violation: 1048 Column 'delivery_phone_number' cannot be null"] []
[2023-01-19T06:07:18.603994+01:00] logger.ERROR: Doctrine Error ["An exception occurred while executing a query: SQLSTATE[23000]: Integrity constraint violation: 1048 Column 'delivery_phone_number' cannot be null"] []
[2023-01-19T06:08:16.701030+01:00] logger.ERROR: Doctrine Error ["An exception occurred while executing a query: SQLSTATE[23000]: Integrity constraint violation: 1048 Column 'delivery_phone_number' cannot be null"] []
[2023-01-19T06:09:18.188499+01:00] logger.ERROR: Doctrine Error ["An exception occurred while executing a query: SQLSTATE[23000]: Integrity constraint violation: 1048 Column 'delivery_phone_number' cannot be null"] []
[2023-01-19T06:09:55.516608+01:00] logger.ERROR: Doctrine Error ["An exception occurred while executing a query: SQLSTATE[23000]: Integrity constraint violation: 1048 Column 'delivery_phone_number' cannot be null"] []
[2023-01-19T06:53:06.469764+01:00] logger.ERROR: Doctrine Error ["An exception occurred while executing a query: SQLSTATE[42000]: Syntax error or access violation: 1064 You have an error in your SQL syntax; check the manual that corresponds to your MariaDB server version for the right syntax to use near 'id DESC' at line 1"] []
[2023-01-19T06:53:56.401141+01:00] logger.ERROR: Doctrine Error ["An exception occurred while executing a query: SQLSTATE[42S22]: Column not found: 1054 Unknown column 'o' in 'field list'"] []
[2023-01-20T07:20:24.619989+01:00] logger.ERROR: Doctrine Error ["An exception occurred while executing a query: SQLSTATE[23000]: Integrity constraint violation: 1048 Column 'email' cannot be null"] []
[2023-01-20T07:21:32.222640+01:00] logger.ERROR: Doctrine Error ["An exception occurred while executing a query: SQLSTATE[23000]: Integrity constraint violation: 1048 Column 'email' cannot be null"] []
[2023-01-20T07:21:38.599350+01:00] logger.ERROR: Doctrine Error ["An exception occurred while executing a query: SQLSTATE[23000]: Integrity constraint violation: 1048 Column 'email' cannot be null"] []
[2023-01-20T07:22:02.872247+01:00] logger.ERROR: Doctrine Error ["An exception occurred while executing a query: SQLSTATE[23000]: Integrity constraint violation: 1048 Column 'email' cannot be null"] []
[2023-01-20T07:22:21.858180+01:00] logger.ERROR: Doctrine Error ["An exception occurred while executing a query: SQLSTATE[23000]: Integrity constraint violation: 1048 Column 'email' cannot be null"] []
[2023-01-20T07:22:29.343567+01:00] logger.ERROR: Doctrine Error ["An exception occurred while executing a query: SQLSTATE[23000]: Integrity constraint violation: 1048 Column 'email' cannot be null"] []
[2023-01-20T07:22:56.194222+01:00] logger.ERROR: Doctrine Error ["An exception occurred while executing a query: SQLSTATE[23000]: Integrity constraint violation: 1048 Column 'email' cannot be null"] []
[2023-01-20T07:23:08.380379+01:00] logger.ERROR: Doctrine Error ["An exception occurred while executing a query: SQLSTATE[23000]: Integrity constraint violation: 1048 Column 'email' cannot be null"] []
[2023-01-20T07:24:04.567501+01:00] logger.ERROR: Doctrine Error ["An exception occurred while executing a query: SQLSTATE[23000]: Integrity constraint violation: 1048 Column 'email' cannot be null"] []
[2023-01-20T07:24:10.730070+01:00] logger.ERROR: Doctrine Error ["An exception occurred while executing a query: SQLSTATE[23000]: Integrity constraint violation: 1048 Column 'delivery_phone_number' cannot be null"] []
[2023-01-20T07:24:30.266959+01:00] logger.ERROR: Doctrine Error ["An exception occurred while executing a query: SQLSTATE[23000]: Integrity constraint violation: 1048 Column 'delivery_phone_number' cannot be null"] []
[2023-01-20T07:27:23.318822+01:00] logger.ERROR: Doctrine Error ["An exception occurred while executing a query: SQLSTATE[42S22]: Column not found: 1054 Unknown column 'email' in 'field list'"] []
[2023-01-20T07:29:11.609437+01:00] logger.ERROR: Doctrine Error ["An exception occurred while executing a query: SQLSTATE[42S22]: Column not found: 1054 Unknown column 'email' in 'field list'"] []
[2023-01-20T07:30:48.013241+01:00] logger.ERROR: Doctrine Error ["An exception occurred while executing a query: SQLSTATE[42S22]: Column not found: 1054 Unknown column 'email' in 'field list'"] []
[2023-01-20T07:55:28.228303+01:00] logger.ERROR: Doctrine Error ["An exception occurred while executing a query: SQLSTATE[23000]: Integrity constraint violation: 1048 Column 'collection_phone_number' cannot be null"] []
[2023-01-20T07:55:38.281334+01:00] logger.ERROR: Doctrine Error ["An exception occurred while executing a query: SQLSTATE[23000]: Integrity constraint violation: 1048 Column 'collection_phone_number' cannot be null"] []
[2023-01-20T08:22:01.554072+01:00] logger.ERROR: Doctrine Error ["Named parameter \"quantity\" does not have a bound value."] []
[2023-01-20T08:22:22.180906+01:00] logger.ERROR: Doctrine Error ["Named parameter \"id\" does not have a bound value."] []
[2023-01-20T08:23:14.678359+01:00] logger.ERROR: Doctrine Error ["Named parameter \"id\" does not have a bound value."] []
[2023-01-20T08:23:24.836824+01:00] logger.ERROR: Doctrine Error ["Named parameter \"id\" does not have a bound value."] []
[2023-01-25T03:10:07.211311+01:00] logger.ERROR: Doctrine Error ["An exception occurred while executing a query: SQLSTATE[42000]: Syntax error or access violation: 1064 You have an error in your SQL syntax; check the manual that corresponds to your MariaDB server version for the right syntax to use near ':$tainted_field' at line 1"] []
[2023-01-25T03:12:28.599174+01:00] logger.ERROR: Doctrine Error ["An exception occurred while executing a query: SQLSTATE[42000]: Syntax error or access violation: 1064 You have an error in your SQL syntax; check the manual that corresponds to your MariaDB server version for the right syntax to use near ':$tainted_field' at line 1"] []
[2023-01-25T03:12:41.035115+01:00] logger.ERROR: Doctrine Error ["An exception occurred while executing a query: SQLSTATE[42000]: Syntax error or access violation: 1064 You have an error in your SQL syntax; check the manual that corresponds to your MariaDB server version for the right syntax to use near ':$tainted_field' at line 1"] []
[2023-02-14T23:22:04.266504+01:00] logger.ERROR: Doctrine Error ["Named parameter \"id\" does not have a bound value."] []
[2023-02-14T23:22:28.920505+01:00] logger.ERROR: Doctrine Error ["Named parameter \"id\" does not have a bound value."] []
[2023-02-15T02:22:46.627641+01:00] logger.ERROR: Doctrine Error ["An exception occurred while executing a query: SQLSTATE[42S02]: Base table or view not found: 1146 Table 'highflyersukcouriers.user' doesn't exist"] []
[2023-02-15T02:23:00.018113+01:00] logger.ERROR: Doctrine Error ["An exception occurred while executing a query: SQLSTATE[42S02]: Base table or view not found: 1146 Table 'highflyersukcouriers.user' doesn't exist"] []
[2023-02-15T02:23:02.932503+01:00] logger.ERROR: Doctrine Error ["An exception occurred while executing a query: SQLSTATE[42S02]: Base table or view not found: 1146 Table 'highflyersukcouriers.user' doesn't exist"] []
[2023-02-15T02:35:51.845454+01:00] logger.ERROR: Doctrine Error ["An exception occurred in the driver: SQLSTATE[HY000] [2002] No connection could be made because the target machine actively refused it"] []
[2023-02-15T02:35:57.239488+01:00] logger.ERROR: Doctrine Error ["An exception occurred in the driver: SQLSTATE[HY000] [2002] No connection could be made because the target machine actively refused it"] []
[2023-02-16T03:08:07.955409+01:00] logger.ERROR: Doctrine Error ["An exception occurred while executing a query: SQLSTATE[23000]: Integrity constraint violation: 1048 Column 'collection_name' cannot be null"] []
[2023-02-16T03:09:48.700409+01:00] logger.ERROR: Doctrine Error ["An exception occurred while executing a query: SQLSTATE[23000]: Integrity constraint violation: 1048 Column 'collection_name' cannot be null"] []
[2023-02-16T03:10:35.682503+01:00] logger.ERROR: Doctrine Error ["An exception occurred while executing a query: SQLSTATE[23000]: Integrity constraint violation: 1048 Column 'collection_name' cannot be null"] []
[2023-02-16T03:10:48.002373+01:00] logger.ERROR: Doctrine Error ["An exception occurred while executing a query: SQLSTATE[23000]: Integrity constraint violation: 1048 Column 'collection_name' cannot be null"] []
[2023-02-16T03:11:03.708730+01:00] logger.ERROR: Doctrine Error ["An exception occurred while executing a query: SQLSTATE[23000]: Integrity constraint violation: 1048 Column 'collection_name' cannot be null"] []
[2023-02-16T03:11:14.496519+01:00] logger.ERROR: Doctrine Error ["An exception occurred while executing a query: SQLSTATE[23000]: Integrity constraint violation: 1048 Column 'collection_name' cannot be null"] []
[2023-02-16T03:12:48.595794+01:00] logger.ERROR: Doctrine Error ["An exception occurred while executing a query: SQLSTATE[23000]: Integrity constraint violation: 1048 Column 'collection_name' cannot be null"] []
[2023-02-16T03:13:20.774529+01:00] logger.ERROR: Doctrine Error ["An exception occurred while executing a query: SQLSTATE[23000]: Integrity constraint violation: 1048 Column 'collection_name' cannot be null"] []
[2023-02-16T03:14:04.982469+01:00] logger.ERROR: Doctrine Error ["An exception occurred while executing a query: SQLSTATE[23000]: Integrity constraint violation: 1048 Column 'collection_name' cannot be null"] []
[2023-02-21T01:13:08.880771+01:00] logger.ERROR: Doctrine Error ["An exception occurred while executing a query: SQLSTATE[42S22]: Column not found: 1054 Unknown column 'u.admin' in 'field list'"] []
[2023-02-21T01:13:55.915558+01:00] logger.ERROR: Doctrine Error ["An exception occurred while executing a query: SQLSTATE[42S22]: Column not found: 1054 Unknown column 'u.admin' in 'field list'"] []
[2023-02-21T01:14:04.606837+01:00] logger.ERROR: Doctrine Error ["An exception occurred while executing a query: SQLSTATE[42S22]: Column not found: 1054 Unknown column 'u.admin' in 'field list'"] []
[2023-02-21T01:14:19.298202+01:00] logger.ERROR: Doctrine Error ["An exception occurred while executing a query: SQLSTATE[42S22]: Column not found: 1054 Unknown column 'u.admin' in 'field list'"] []
[2023-02-21T01:16:50.231278+01:00] logger.ERROR: Doctrine Error ["An exception occurred while executing a query: SQLSTATE[42S22]: Column not found: 1054 Unknown column 'admin' in 'field list'"] []
[2023-02-21T01:16:52.939762+01:00] logger.ERROR: Doctrine Error ["An exception occurred while executing a query: SQLSTATE[42S22]: Column not found: 1054 Unknown column 'admin' in 'field list'"] []
[2023-02-21T01:21:03.634911+01:00] logger.ERROR: Doctrine Error ["An exception occurred while executing a query: SQLSTATE[42S22]: Column not found: 1054 Unknown column 'u.admin' in 'field list'"] []
[2023-02-21T01:31:09.939164+01:00] logger.ERROR: Doctrine Error ["An exception occurred while executing a query: SQLSTATE[42S22]: Column not found: 1054 Unknown column 'u.admin' in 'where clause'"] []
[2023-02-21T01:32:08.326295+01:00] logger.ERROR: Doctrine Error ["An exception occurred while executing a query: SQLSTATE[42S22]: Column not found: 1054 Unknown column 'u.admin' in 'where clause'"] []
[2023-02-21T23:25:29.248125+01:00] logger.ERROR: Doctrine Error ["An exception occurred while executing a query: SQLSTATE[42000]: Syntax error or access violation: 1064 You have an error in your SQL syntax; check the manual that corresponds to your MariaDB server version for the right syntax to use near ''Array'' at line 1"] []
[2023-02-21T23:27:25.201983+01:00] logger.ERROR: Doctrine Error ["An exception occurred while executing a query: SQLSTATE[42000]: Syntax error or access violation: 1064 You have an error in your SQL syntax; check the manual that corresponds to your MariaDB server version for the right syntax to use near ''Array'' at line 1"] []
[2023-02-21T23:29:03.071716+01:00] logger.ERROR: Doctrine Error ["An exception occurred while executing a query: SQLSTATE[42000]: Syntax error or access violation: 1064 You have an error in your SQL syntax; check the manual that corresponds to your MariaDB server version for the right syntax to use near ''Array'' at line 1"] []
[2023-02-21T23:30:11.829967+01:00] logger.ERROR: Doctrine Error ["An exception occurred while executing a query: SQLSTATE[42000]: Syntax error or access violation: 1370 execute command denied to user 'user'@'localhost' for routine 'o.idIN'"] []
[2023-02-21T23:30:38.806501+01:00] logger.ERROR: Doctrine Error ["An exception occurred while executing a query: SQLSTATE[42000]: Syntax error or access violation: 1370 execute command denied to user 'user'@'localhost' for routine 'o.idIN'"] []
[2023-02-21T23:34:58.909576+01:00] logger.ERROR: Doctrine Error ["An exception occurred while executing a query: SQLSTATE[42000]: Syntax error or access violation: 1370 execute command denied to user 'user'@'localhost' for routine 'o.idIN'"] []
[2023-02-21T23:35:35.755695+01:00] logger.ERROR: Doctrine Error ["An exception occurred while executing a query: SQLSTATE[42000]: Syntax error or access violation: 1064 You have an error in your SQL syntax; check the manual that corresponds to your MariaDB server version for the right syntax to use near '' at line 1"] []
[2023-02-21T23:36:00.267505+01:00] logger.ERROR: Doctrine Error ["An exception occurred while executing a query: SQLSTATE[42000]: Syntax error or access violation: 1064 You have an error in your SQL syntax; check the manual that corresponds to your MariaDB server version for the right syntax to use near '' at line 1"] []
